../Core/Src/main.cpp:89:1:int __io_putchar(int)	16	static
../Core/Src/main.cpp:100:6:void HAL_UARTEx_RxEventCallback(UART_HandleTypeDef*, uint16_t)	16	static
../Core/Src/main.cpp:116:6:void UARTRXInit()	8	static
../Core/Src/main.cpp:126:6:void HAL_ADC_ConvCpltCallback(ADC_HandleTypeDef*)	16	static
../Core/Src/main.cpp:139:5:int main()	24	static
../Core/Src/main.cpp:201:6:void SystemClock_Config()	88	static
../Core/Src/main.cpp:247:13:void MX_ADC1_Init()	24	static
../Core/Src/main.cpp:299:13:void MX_TIM2_Init()	32	static
../Core/Src/main.cpp:344:13:void MX_USART2_UART_Init()	8	static
../Core/Src/main.cpp:377:13:void MX_USART6_UART_Init()	8	static
../Core/Src/main.cpp:408:13:void MX_DMA_Init()	16	static
../Core/Src/main.cpp:433:13:void MX_GPIO_Init()	24	static
../Core/Src/main.cpp:451:6:void Error_Handler()	4	static,ignoring_inline_asm
../Core/Src/main.cpp:460:1:void __static_initialization_and_destruction_0(int, int)	16	static
../Core/Src/main.cpp:460:1:cpp)	8	static
